Microchip MPLAB XC8 Compiler V3.00

Linker command line:

-W-3 \
  --edf=C:/Program Files/Microchip/MPLABX/v6.25/packs/Microchip/PIC18Fxxxx_DFP/1.7.171/xc8\pic\dat\20250117225543_en.msgs \
  -cn -h+dist/default/production\uart.X.production.sym \
  --cmf=dist/default/production\uart.X.production.cmf -z -Q18F4550 \
  -oC:\Users\HP\AppData\Local\Temp\xcAs3s4.\driver_tmp_3.o \
  --defsym=__MPLAB_BUILD=1 --fixupoverflow=error \
  -Mdist/default/production/uart.X.production.map \
  --md=C:\Users\HP\AppData\Local\Temp\xcAs3s4.\driver_tmp_0.dat -E1 \
  -ver=XC8 Compiler -ACODE=00h-07FFFh -ACONST=00h-07FFFh \
  -ASMALLCONST=0800h-08FFhx120 -AMEDIUMCONST=0800h-07FFFh -ACOMRAM=01h-05Fh \
  -AABS1=00h-07FFh -ABIGRAM=01h-07FFh -ARAM=060h-0FFh,0100h-01FFhx7 \
  -ABANK0=060h-0FFh -ABANK1=0100h-01FFh -ABANK2=0200h-02FFh \
  -ABANK3=0300h-03FFh -ABANK4=0400h-04FFh -ABANK5=0500h-05FFh \
  -ABANK6=0600h-06FFh -ABANK7=0700h-07FFh -ASFR=0F60h-0FFFh \
  -ABIGSFR=0F60h-0FFFh -ACONFIG=0300000h-030000Dh -AIDLOC=0200000h-0200007h \
  -AEEDATA=0F00000h-0F000FFh -peeprom_data=EEDATA \
  -preset_vec=00h,intcode=8h,intcodelo=18h,sivt_lo,sivt_hi=CODE \
  -ppowerup=CODE,init -pramtop=0800h -psmallconst=SMALLCONST \
  -pmediumconst=MEDIUMCONST -pconst=CONST -AFARRAM=00h-00h \
  -prdata=COMRAM,nvrram=COMRAM,nvbit=COMRAM,rbss=COMRAM,rbit=COMRAM \
  -pfarbss=FARRAM,fardata=FARRAM,nvFARRAM=FARRAM \
  -pintsave_regs=BIGRAM,bigbss=BIGRAM,bigdata=BIGRAM -pbss=RAM \
  -pidata=CODE,irdata=CODE,ibigdata=CODE,ifardata=CODE -prparam=COMRAM \
  C:\Users\HP\AppData\Local\Temp\xcAs3s4.\driver_tmp_9.o \
  dist/default/production\uart.X.production.o 

Object code version is 3.11

Machine type is 18F4550



                Name                               Link     Load   Length Selector   Space Scale
C:\Users\HP\AppData\Local\Temp\xcAs3s4.\driver_tmp_9.o
                init                               7FFC     7FFC        4     3FFE       0
                reset_vec                             0        0        4        0       0
dist/default/production\uart.X.production.o
                smallconst                          800      800        2      400       0
                text2                               962      962       16      49C       0
                text1                               938      938       2A      49C       0
                text0                               802      802       7E      401       0
                cstackCOMRAM                         37       37       17        1       1
                dataBANK0                            60       60       3B       60       1
                dataCOMRAM                            1        1       36        1       1
                cinit                               880      880       46      401       0
                idataBANK0                          8C6      8C6       3B      401       0
                idataCOMRAM                         901      901       36      401       0

TOTAL           Name                               Link     Load   Length     Space
        CLASS   CODE           
                init                               7FFC     7FFC        4         0
                reset_vec                             0        0        4         0
                text2                               962      962       16         0
                text1                               938      938       2A         0
                text0                               802      802       7E         0
                cinit                               880      880       46         0
                idataBANK0                          8C6      8C6       3B         0
                idataCOMRAM                         901      901       36         0

        CLASS   CONST          

        CLASS   SMALLCONST     
                smallconst                          800      800        2         0

        CLASS   MEDIUMCONST    

        CLASS   COMRAM         
                cstackCOMRAM                         37       37       17         1
                dataCOMRAM                            1        1       36         1

        CLASS   ABS1           

        CLASS   BIGRAM         

        CLASS   RAM            

        CLASS   BANK0          
                dataBANK0                            60       60       3B         1

        CLASS   BANK1          

        CLASS   BANK2          

        CLASS   BANK3          

        CLASS   BANK4          

        CLASS   BANK5          

        CLASS   BANK6          

        CLASS   BANK7          

        CLASS   SFR            

        CLASS   BIGSFR         

        CLASS   CONFIG         

        CLASS   IDLOC          

        CLASS   EEDATA         

        CLASS   FARRAM         

        CLASS   HEAP           

        CLASS   STACK          



SEGMENTS        Name                           Load    Length   Top    Selector   Space  Class

                reset_vec                      000000  000004  000004         0       0  CODE    
                dataCOMRAM                     000001  00004D  00004E         1       1  COMRAM  
                dataBANK0                      000060  00003B  00009B        60       1  BANK0   
                smallconst                     000800  000002  000802       400       0  SMALLCON
                text0                          000802  000135  000937       401       0  CODE    
                text1                          000938  000040  000978       49C       0  CODE    
                init                           007FFC  000004  008000      3FFE       0  CODE    


UNUSED ADDRESS RANGES

        Name                Unused          Largest block    Delta
        BANK0            009B-00FF             65
        BANK1            0100-01FF            100
        BANK2            0200-02FF            100
        BANK3            0300-03FF            100
        BANK4            0400-04FF            100
        BANK5            0500-05FF            100
        BANK6            0600-06FF            100
        BANK7            0700-07FF            100
        BIGRAM           004E-005F             12
                         009B-07FF            765
        BIGSFR           0F60-0FFF             A0
        CODE             0004-07FF            7FC
                         0937-0937              1
                         0978-7FFB           7684
        COMRAM           004E-005F             12
        CONFIG           300000-30000D              E
        CONST            0004-07FF            7FC
                         0937-0937              1
                         0978-7FFB           7684
        EEDATA           F00000-F000FF            100
        IDLOC            200000-200007              8
        MEDIUMCONST      0937-0937              1
                         0978-7FFB           7684
        RAM              009B-07FF            100
        SFR              0F60-0FFF             A0
        SMALLCONST       0937-0937              1
                         0978-7FFB            100

                                  Symbol Table

TXbyte@data              cstackCOMRAM 0037
TXstring@string          cstackCOMRAM 0038
_BAUDCONbits             (abs)        0FB8
_PIR1bits                (abs)        0F9E
_RCREG                   (abs)        0FAE
_RCSTAbits               (abs)        0FAB
_SPBRG                   (abs)        0FAF
_SPBRGH                  (abs)        0FB0
_TRISCbits               (abs)        0F94
_TXREG                   (abs)        0FAD
_TXSTAbits               (abs)        0FAC
_TXbyte                  text2        0962
_TXstring                text1        0938
__HRAM                   (abs)        0000
__H__absolute__          __absolute__ 0000
__Habs1                  abs1         0000
__Hbank0                 bank0        0000
__Hbank1                 bank1        0000
__Hbank2                 bank2        0000
__Hbank3                 bank3        0000
__Hbank4                 bank4        0000
__Hbank5                 bank5        0000
__Hbank6                 bank6        0000
__Hbank7                 bank7        0000
__Hbigbss                bigbss       0000
__Hbigdata               bigdata      0000
__Hbigram                bigram       0000
__Hbigsfr                bigsfr       0000
__Hbss                   bss          0000
__Hcinit                 cinit        0000
__Hclrtext               clrtext      0000
__Hcomram                comram       0000
__Hconfig                config       0000
__Hconst                 const        0000
__HcstackCOMRAM          cstackCOMRAM 0000
__Hdata                  data         0000
__HdataBANK0             dataBANK0    0000
__HdataCOMRAM            dataCOMRAM   0000
__Heeprom_data           eeprom_data  0000
__Hfarbss                farbss       0000
__Hfardata               fardata      0000
__Hheap                  heap         0000
__Hibigdata              ibigdata     0000
__Hidata                 idata        0000
__HidataBANK0            idataBANK0   0000
__HidataCOMRAM           idataCOMRAM  0000
__Hidloc                 idloc        0000
__Hifardata              ifardata     0000
__Hinit                  init         8000
__Hintcode               intcode      0008
__Hintcode_body          intcode_body 0000
__Hintcodelo             intcodelo    0018
__Hintentry              intentry     0000
__Hintret                intret       0000
__Hintsave_regs          intsave_regs 0000
__Hirdata                irdata       0000
__Hmediumconst           mediumconst  0000
__HnvFARRAM              nvFARRAM     0000
__Hnvbit                 nvbit        0000
__Hnvrram                nvrram       0000
__Hparam                 rparam       0000
__Hpowerup               powerup      0000
__Hram                   ram          0000
__Hramtop                ramtop       0800
__Hrbit                  rbit         0000
__Hrbss                  rbss         0000
__Hrdata                 rdata        0000
__Hreset_vec             reset_vec    0004
__Hrparam                rparam       0000
__Hsfr                   sfr          0000
__Hsivt_hi               sivt_hi      0000
__Hsivt_lo               sivt_lo      0018
__Hsmallconst            smallconst   0802
__Hspace_0               (abs)        8000
__Hspace_1               (abs)        009B
__Hspace_2               (abs)        0000
__Hspace_4               (abs)        0000
__Hstack                 stack        0000
__Hstruct                struct       0000
__Htemp                  temp         0000
__Htext                  text         0000
__Htext0                 text0        0000
__Htext1                 text1        0000
__Htext2                 text2        0000
__LRAM                   (abs)        0001
__L__absolute__          __absolute__ 0000
__Labs1                  abs1         0000
__Lbank0                 bank0        0000
__Lbank1                 bank1        0000
__Lbank2                 bank2        0000
__Lbank3                 bank3        0000
__Lbank4                 bank4        0000
__Lbank5                 bank5        0000
__Lbank6                 bank6        0000
__Lbank7                 bank7        0000
__Lbigbss                bigbss       0000
__Lbigdata               bigdata      0000
__Lbigram                bigram       0000
__Lbigsfr                bigsfr       0000
__Lbss                   bss          0000
__Lcinit                 cinit        0000
__Lclrtext               clrtext      0000
__Lcomram                comram       0000
__Lconfig                config       0000
__Lconst                 const        0000
__LcstackCOMRAM          cstackCOMRAM 0000
__Ldata                  data         0000
__LdataBANK0             dataBANK0    0000
__LdataCOMRAM            dataCOMRAM   0000
__Leeprom_data           eeprom_data  0000
__Lfarbss                farbss       0000
__Lfardata               fardata      0000
__Lheap                  heap         0000
__Libigdata              ibigdata     0000
__Lidata                 idata        0000
__LidataBANK0            idataBANK0   0000
__LidataCOMRAM           idataCOMRAM  0000
__Lidloc                 idloc        0000
__Lifardata              ifardata     0000
__Linit                  init         7FFC
__Lintcode               intcode      0008
__Lintcode_body          intcode_body 0000
__Lintcodelo             intcodelo    0018
__Lintentry              intentry     0000
__Lintret                intret       0000
__Lintsave_regs          intsave_regs 0000
__Lirdata                irdata       0000
__Lmediumconst           mediumconst  0000
__LnvFARRAM              nvFARRAM     0000
__Lnvbit                 nvbit        0000
__Lnvrram                nvrram       0000
__Lparam                 rparam       0000
__Lpowerup               powerup      0000
__Lram                   ram          0000
__Lramtop                ramtop       0800
__Lrbit                  rbit         0000
__Lrbss                  rbss         0000
__Lrdata                 rdata        0000
__Lreset_vec             reset_vec    0000
__Lrparam                rparam       0000
__Lsfr                   sfr          0000
__Lsivt_hi               sivt_hi      0000
__Lsivt_lo               sivt_lo      0018
__Lsmallconst            smallconst   0800
__Lspace_0               (abs)        0000
__Lspace_1               (abs)        0000
__Lspace_2               (abs)        0000
__Lspace_4               (abs)        0000
__Lstack                 stack        0000
__Lstruct                struct       0000
__Ltemp                  temp         0000
__Ltext                  text         0000
__Ltext0                 text0        0000
__Ltext1                 text1        0000
__Ltext2                 text2        0000
__S0                     (abs)        8000
__S1                     (abs)        009B
__S4                     (abs)        0000
__S5                     (abs)        0000
___heap_hi               (abs)        0000
___heap_lo               (abs)        0000
___inthi_sp              stack        0000
___inthi_stack_hi        stack        0000
___inthi_stack_lo        stack        0000
___intlo_sp              stack        0000
___intlo_stack_hi        stack        0000
___intlo_stack_lo        stack        0000
___param_bank            (abs)        0000
___rparam_used           (abs)        0001
___sp                    stack        0000
___stack_hi              stack        0000
___stack_lo              stack        0000
__accesstop              (abs)        0060
__activetblptr           (abs)        0000
__end_of_TXbyte          text2        0978
__end_of_TXstring        text1        0962
__end_of__initialization cinit        08C0
__end_of_main            text0        0880
__initialization         cinit        0880
__mediumconst            smallconst   0800
__pcinit                 cinit        0880
__pcstackCOMRAM          cstackCOMRAM 0037
__pdataBANK0             dataBANK0    0060
__pdataCOMRAM            dataCOMRAM   0001
__pidataBANK0            idataBANK0   08C6
__pidataCOMRAM           idataCOMRAM  0901
__psmallconst            smallconst   0800
__ptext0                 text0        0802
__ptext1                 text1        0938
__ptext2                 text2        0962
__ramtop                 ramtop       0800
__smallconst             smallconst   0800
_main                    text0        0802
_string1                 dataCOMRAM   002B
_string2                 dataCOMRAM   0019
_string3                 dataBANK0    007E
_string4                 dataBANK0    0060
_string5                 dataCOMRAM   0001
end_of_initialization    cinit        08C0
intlevel0                text         0000
intlevel1                text         0000
intlevel2                text         0000
intlevel3                text         0000
isa$std                  (abs)        0001
isa$xinst                (abs)        0000
main@i                   cstackCOMRAM 004D
main@rx_data             cstackCOMRAM 0039
stackhi                  (abs)        0000
stacklo                  (abs)        0000
start                    init         7FFC
start_initialization     cinit        0880


MODULE INFORMATION

Module		Function		Class		Link	Load	Size
shared
		__initialization		CODE           	0880	0000	64

shared estimated size: 64

main.c
		_TXbyte        		CODE           	0962	0000	22
		_TXstring      		CODE           	0938	0000	42
		_main          		CODE           	0802	0000	126

main.c estimated size: 190

