Microchip MPLAB XC8 Compiler V3.00

Linker command line:

-W-3 \
  --edf=C:/Program Files/Microchip/MPLABX/v6.25/packs/Microchip/PIC18Fxxxx_DFP/1.7.171/xc8\pic\dat\20250117225543_en.msgs \
  -cn -h+dist/default/debug\lcd.X.debug.sym \
  --cmf=dist/default/debug\lcd.X.debug.cmf -z -Q18F458 \
  -oC:\Users\HP\AppData\Local\Temp\xcAs1as.\driver_tmp_3.o \
  --defsym=__MPLAB_BUILD=1 --fixupoverflow=error \
  -Mdist/default/debug/lcd.X.debug.map \
  --md=C:\Users\HP\AppData\Local\Temp\xcAs1as.\driver_tmp_0.dat -E1 \
  -ver=XC8 Compiler -ACODE=00h-03FFFhx2 -ACONST=00h-07FFFh \
  -ASMALLCONST=0600h-06FFhx122 -AMEDIUMCONST=0600h-07FFFh -ACOMRAM=01h-05Fh \
  -AABS1=00h-05FFh -ABIGRAM=01h-05FFh -ARAM=060h-0FFh,0100h-01FFhx5 \
  -ABANK0=060h-0FFh -ABANK1=0100h-01FFh -ABANK2=0200h-02FFh \
  -ABANK3=0300h-03FFh -ABANK4=0400h-04FFh -ABANK5=0500h-05FFh \
  -ASFR=0F00h-0F5Fh,0F60h-0FFFh -ABIGSFR=0F00h-0FFFh \
  -ACONFIG=0300000h-030000Dh -AIDLOC=0200000h-0200007h \
  -AEEDATA=0F00000h-0F000FFh -peeprom_data=EEDATA \
  -preset_vec=00h,intcode=8h,intcodelo=18h,sivt_lo,sivt_hi=CODE \
  -ppowerup=CODE,init -pramtop=0600h -psmallconst=SMALLCONST \
  -pmediumconst=MEDIUMCONST -pconst=CONST -AFARRAM=00h-00h \
  -prdata=COMRAM,nvrram=COMRAM,nvbit=COMRAM,rbss=COMRAM,rbit=COMRAM \
  -pfarbss=FARRAM,fardata=FARRAM,nvFARRAM=FARRAM \
  -pintsave_regs=BIGRAM,bigbss=BIGRAM,bigdata=BIGRAM -pbss=RAM \
  -pidata=CODE,irdata=CODE,ibigdata=CODE,ifardata=CODE -prparam=COMRAM \
  C:\Users\HP\AppData\Local\Temp\xcAs1as.\driver_tmp_9.o \
  dist/default/debug\lcd.X.debug.o 

Object code version is 3.11

Machine type is 18F458



                Name                               Link     Load   Length Selector   Space Scale
C:\Users\HP\AppData\Local\Temp\xcAs1as.\driver_tmp_9.o
                config                           300002   300002        6        0       4
                text                                7E2      7E2        2      301       0
                init                               3FFC     3FFC        4     1FFE       0
                reset_vec                             0        0        6        0       0
dist/default/debug\lcd.X.debug.o
                config                           300002   300002        6        0       4
                smallconst                          600      600        2      300       0
                text5                               66C      66C       5C      301       0
                text4                               7AC      7AC       20      301       0
                text3                               6C8      6C8       50      301       0
                text2                               78C      78C       20      301       0
                text1                               718      718       4E      301       0
                text0                               602      602       6A      301       0
                cstackCOMRAM                          1        1       20        1       1
                dataCOMRAM                           21       21       16        1       1
                cinit                               766      766       26      301       0
                idataCOMRAM                         7CC      7CC       16      301       0

TOTAL           Name                               Link     Load   Length     Space
        CLASS   CODE           
                text                                7E2      7E2        2         0
                init                               3FFC     3FFC        4         0
                reset_vec                             0        0        6         0
                text5                               66C      66C       5C         0
                text4                               7AC      7AC       20         0
                text3                               6C8      6C8       50         0
                text2                               78C      78C       20         0
                text1                               718      718       4E         0
                text0                               602      602       6A         0
                cinit                               766      766       26         0
                idataCOMRAM                         7CC      7CC       16         0

        CLASS   CONST          

        CLASS   SMALLCONST     
                smallconst                          600      600        2         0

        CLASS   MEDIUMCONST    

        CLASS   COMRAM         
                cstackCOMRAM                          1        1       20         1
                dataCOMRAM                           21       21       16         1

        CLASS   ABS1           

        CLASS   BIGRAM         

        CLASS   RAM            

        CLASS   BANK0          

        CLASS   BANK1          

        CLASS   BANK2          

        CLASS   BANK3          

        CLASS   BANK4          

        CLASS   BANK5          

        CLASS   SFR            

        CLASS   BIGSFR         

        CLASS   CONFIG         
                config                           300002   300002        6         4

        CLASS   IDLOC          

        CLASS   EEDATA         

        CLASS   FARRAM         

        CLASS   HEAP           

        CLASS   STACK          



SEGMENTS        Name                           Load    Length   Top    Selector   Space  Class

                reset_vec                      000000  000006  000006         0       0  CODE    
                cstackCOMRAM                   000001  000036  000037         1       1  COMRAM  
                smallconst                     000600  000002  000602       300       0  SMALLCON
                text0                          000602  0001E2  0007E4       301       0  CODE    
                init                           003FFC  000004  004000      1FFE       0  CODE    


UNUSED ADDRESS RANGES

        Name                Unused          Largest block    Delta
        BANK0            000060-0000FF               A0
        BANK1            000100-0001FF              100
        BANK2            000200-0002FF              100
        BANK3            000300-0003FF              100
        BANK4            000400-0004FF              100
        BANK5            000500-0005FF              100
        BIGRAM           000037-0005FF              5C9
        BIGSFR           000F00-000FFF              100
        CODE             000006-0005FF              5FA
                         0007E4-003FFB             3818
                         004000-007FFF             4000
        COMRAM           000037-00005F               29
        CONFIG           300000-300001                2
                         300008-30000D                6
        CONST            000006-0005FF              5FA
                         0007E4-003FFB             3818
                         004000-007FFF             4000
        EEDATA           F00000-F000FF              100
        IDLOC            200000-200007                8
        MEDIUMCONST      0007E4-003FFB             3818
                         004000-007FFF             4000
        RAM              000060-0005FF              100
        SFR              000F00-000FFF               60
        SMALLCONST       0007E4-003FFB              100
                         004000-007FFF              100

                                  Symbol Table

LCD_command@cmd                                                       cstackCOMRAM 000007
LCD_data@data                                                         cstackCOMRAM 000007
LCD_write_string@i                                                    cstackCOMRAM 000009
LCD_write_string@str                                                  cstackCOMRAM 000008
_ADCON1                                                               (abs)        000FC1
_LCD_command                                                          text2        00078C
_LCD_data                                                             text4        0007AC
_LCD_write_string                                                     text3        0006C8
_PORTD                                                                (abs)        000F83
_PORTEbits                                                            (abs)        000F84
_TRISD                                                                (abs)        000F95
_TRISE                                                                (abs)        000F96
__HRAM                                                                (abs)        000000
__H__absolute__                                                       __absolute__ 000000
__Habs1                                                               abs1         000000
__Hbank0                                                              bank0        000000
__Hbank1                                                              bank1        000000
__Hbank2                                                              bank2        000000
__Hbank3                                                              bank3        000000
__Hbank4                                                              bank4        000000
__Hbank5                                                              bank5        000000
__Hbigbss                                                             bigbss       000000
__Hbigdata                                                            bigdata      000000
__Hbigram                                                             bigram       000000
__Hbigsfr                                                             bigsfr       000000
__Hbss                                                                bss          000000
__Hcinit                                                              cinit        000000
__Hclrtext                                                            clrtext      000000
__Hcomram                                                             comram       000000
__Hconfig                                                             config       300008
__Hconst                                                              const        000000
__HcstackCOMRAM                                                       cstackCOMRAM 000000
__Hdata                                                               data         000000
__HdataCOMRAM                                                         dataCOMRAM   000000
__Heeprom_data                                                        eeprom_data  000000
__Hfarbss                                                             farbss       000000
__Hfardata                                                            fardata      000000
__Hheap                                                               heap         000000
__Hibigdata                                                           ibigdata     000000
__Hidata                                                              idata        000000
__HidataCOMRAM                                                        idataCOMRAM  000000
__Hidloc                                                              idloc        000000
__Hifardata                                                           ifardata     000000
__Hinit                                                               init         004000
__Hintcode                                                            intcode      000008
__Hintcode_body                                                       intcode_body 000000
__Hintcodelo                                                          intcodelo    000018
__Hintentry                                                           intentry     000000
__Hintret                                                             intret       000000
__Hintsave_regs                                                       intsave_regs 000000
__Hirdata                                                             irdata       000000
__Hmediumconst                                                        mediumconst  000000
__HnvFARRAM                                                           nvFARRAM     000000
__Hnvbit                                                              nvbit        000000
__Hnvrram                                                             nvrram       000000
__Hparam                                                              rparam       000000
__Hpowerup                                                            powerup      000000
__Hram                                                                ram          000000
__Hramtop                                                             ramtop       000600
__Hrbit                                                               rbit         000000
__Hrbss                                                               rbss         000000
__Hrdata                                                              rdata        000000
__Hreset_vec                                                          reset_vec    000006
__Hrparam                                                             rparam       000000
__Hsfr                                                                sfr          000000
__Hsivt_hi                                                            sivt_hi      000000
__Hsivt_lo                                                            sivt_lo      000018
__Hsmallconst                                                         smallconst   000602
__Hspace_0                                                            (abs)        004000
__Hspace_1                                                            (abs)        000037
__Hspace_2                                                            (abs)        000000
__Hspace_4                                                            (abs)        60000A
__Hstack                                                              stack        000000
__Hstruct                                                             struct       000000
__Htemp                                                               temp         000000
__Htext                                                               text         000000
__Htext0                                                              text0        000000
__Htext1                                                              text1        000000
__Htext2                                                              text2        000000
__Htext3                                                              text3        000000
__Htext4                                                              text4        000000
__Htext5                                                              text5        000000
__LRAM                                                                (abs)        000001
__L__absolute__                                                       __absolute__ 000000
__Labs1                                                               abs1         000000
__Lbank0                                                              bank0        000000
__Lbank1                                                              bank1        000000
__Lbank2                                                              bank2        000000
__Lbank3                                                              bank3        000000
__Lbank4                                                              bank4        000000
__Lbank5                                                              bank5        000000
__Lbigbss                                                             bigbss       000000
__Lbigdata                                                            bigdata      000000
__Lbigram                                                             bigram       000000
__Lbigsfr                                                             bigsfr       000000
__Lbss                                                                bss          000000
__Lcinit                                                              cinit        000000
__Lclrtext                                                            clrtext      000000
__Lcomram                                                             comram       000000
__Lconfig                                                             config       000000
__Lconst                                                              const        000000
__LcstackCOMRAM                                                       cstackCOMRAM 000000
__Ldata                                                               data         000000
__LdataCOMRAM                                                         dataCOMRAM   000000
__Leeprom_data                                                        eeprom_data  000000
__Lfarbss                                                             farbss       000000
__Lfardata                                                            fardata      000000
__Lheap                                                               heap         000000
__Libigdata                                                           ibigdata     000000
__Lidata                                                              idata        000000
__LidataCOMRAM                                                        idataCOMRAM  000000
__Lidloc                                                              idloc        000000
__Lifardata                                                           ifardata     000000
__Linit                                                               init         003FFC
__Lintcode                                                            intcode      000008
__Lintcode_body                                                       intcode_body 000000
__Lintcodelo                                                          intcodelo    000018
__Lintentry                                                           intentry     000000
__Lintret                                                             intret       000000
__Lintsave_regs                                                       intsave_regs 000000
__Lirdata                                                             irdata       000000
__Lmediumconst                                                        mediumconst  000000
__LnvFARRAM                                                           nvFARRAM     000000
__Lnvbit                                                              nvbit        000000
__Lnvrram                                                             nvrram       000000
__Lparam                                                              rparam       000000
__Lpowerup                                                            powerup      000000
__Lram                                                                ram          000000
__Lramtop                                                             ramtop       000600
__Lrbit                                                               rbit         000000
__Lrbss                                                               rbss         000000
__Lrdata                                                              rdata        000000
__Lreset_vec                                                          reset_vec    000000
__Lrparam                                                             rparam       000000
__Lsfr                                                                sfr          000000
__Lsivt_hi                                                            sivt_hi      000000
__Lsivt_lo                                                            sivt_lo      000018
__Lsmallconst                                                         smallconst   000600
__Lspace_0                                                            (abs)        000000
__Lspace_1                                                            (abs)        000000
__Lspace_2                                                            (abs)        000000
__Lspace_4                                                            (abs)        000000
__Lstack                                                              stack        000000
__Lstruct                                                             struct       000000
__Ltemp                                                               temp         000000
__Ltext                                                               text         000000
__Ltext0                                                              text0        000000
__Ltext1                                                              text1        000000
__Ltext2                                                              text2        000000
__Ltext3                                                              text3        000000
__Ltext4                                                              text4        000000
__Ltext5                                                              text5        000000
__S0                                                                  (abs)        004000
__S1                                                                  (abs)        000037
__S4                                                                  (abs)        000000
__S5                                                                  (abs)        000000
___heap_hi                                                            (abs)        000000
___heap_lo                                                            (abs)        000000
___inthi_sp                                                           stack        000000
___inthi_stack_hi                                                     stack        000000
___inthi_stack_lo                                                     stack        000000
___intlo_sp                                                           stack        000000
___intlo_stack_hi                                                     stack        000000
___intlo_stack_lo                                                     stack        000000
___param_bank                                                         (abs)        000000
___rparam_used                                                        (abs)        000001
___sp                                                                 stack        000000
___stack_hi                                                           stack        000000
___stack_lo                                                           stack        000000
__accesstop                                                           (abs)        000060
__activetblptr                                                        (abs)        000000
__cntErrataNOP_C:\Users\HP\AppData\Local\Temp\xcAs1as.\driver_tmp_9.o (abs)        000001
__cntErrataNOP_dist/default/debug\lcd.X.debug.o                       (abs)        000013
__end_of_LCD_command                                                  text2        0007AC
__end_of_LCD_data                                                     text4        0007CC
__end_of_LCD_write_string                                             text3        000718
__end_of__initialization                                              cinit        000786
__end_of_init_LCD                                                     text1        000766
__end_of_main                                                         text0        00066C
__end_of_msdelay                                                      text5        0006C8
__initialization                                                      cinit        000766
__mediumconst                                                         smallconst   000600
__pcinit                                                              cinit        000766
__pcstackCOMRAM                                                       cstackCOMRAM 000001
__pdataCOMRAM                                                         dataCOMRAM   000021
__pidataCOMRAM                                                        idataCOMRAM  0007CC
__psmallconst                                                         smallconst   000600
__ptext0                                                              text0        000602
__ptext1                                                              text1        000718
__ptext2                                                              text2        00078C
__ptext3                                                              text3        0006C8
__ptext4                                                              text4        0007AC
__ptext5                                                              text5        00066C
__ramtop                                                              ramtop       000600
__smallconst                                                          smallconst   000600
_init_LCD                                                             text1        000718
_main                                                                 text0        000602
_msdelay                                                              text5        00066C
end_of_initialization                                                 cinit        000786
intlevel0                                                             text         0007E2
intlevel1                                                             text         0007E2
intlevel2                                                             text         0007E2
intlevel3                                                             text         0007E2
isa$std                                                               (abs)        000001
isa$xinst                                                             (abs)        000000
main@F5595                                                            dataCOMRAM   000021
main@F5597                                                            dataCOMRAM   00002D
main@var1                                                             cstackCOMRAM 00000B
main@var2                                                             cstackCOMRAM 000017
msdelay@i                                                             cstackCOMRAM 000003
msdelay@j                                                             cstackCOMRAM 000005
msdelay@time                                                          cstackCOMRAM 000001
stackhi                                                               (abs)        000000
stacklo                                                               (abs)        000000
start                                                                 init         003FFC
start_initialization                                                  cinit        000766


MODULE INFORMATION

Module		Function		Class		Link	Load	Size
shared
		__initialization		CODE           	0766	0000	32

shared estimated size: 32

main.c
		_main          		CODE           	0602	0000	106
		_LCD_write_string		CODE           	06C8	0000	80
		_init_LCD      		CODE           	0718	0000	78
		_LCD_command   		CODE           	078C	0000	32
		_LCD_data      		CODE           	07AC	0000	32
		_msdelay       		CODE           	066C	0000	92

main.c estimated size: 420

